[Log] stdout/stderr -> logs\20260602_151230\main_tracking_v9_20260602_151230.log
[FieldLog] enabled: C:\Users\cv1124\dym\gimbal\logs\20260602_151230
[Config] DEVICE_HEADING_DEG=180.00 (map north=0, east=90, south=180)
[Config] UI_REAL_LASER_ONLY=True
[GPS] Thread started, periodic UI updates enabled on COM12@115200, fix_timeout=5s, ui_interval=10.0s
[Init] Connecting to Gimbal at COM14...
[GT06Z] Driver Ready on COM14.
[Adapter] GT06Z 云台已连接: COM14
[GPS] GGA fix_quality=1, num_sats=23, hdop=0.7, lat=30.408118284166665, lon=104.08864790216667
[LaserThread] 激光读取线程已启动
[Init] Real laser enabled on COM15
[Init] UI distance priority: laser -> mono; UDP distance disabled
[Laser] start_measurement mode=continuous[Init] Queue gimbal initial posture: Az=59.30°, El=0.00°

[GimbalThread] 控制线程已启动
[Net] Listening RK3588 on 8888...
=== System V9.0 (Predictive Tracking & Scheduling) Running ===
[LIVE] udp=1.0/s, objs=1.0/s, last_udp=0.03s, meas=0, tracks=0, valid=0, master=None
[LIVE] udp=2.0/s, objs=2.0/s, last_udp=0.68s, meas=1, tracks=3, valid=0, master=None
[LIVE] udp=1.0/s, objs=1.0/s, last_udp=0.34s, meas=1, tracks=4, valid=0, master=None
[LIVE] udp=2.0/s, objs=2.0/s, last_udp=0.38s, meas=1, tracks=6, valid=0, master=None
[LIVE] udp=1.0/s, objs=1.0/s, last_udp=0.88s, meas=1, tracks=7, valid=0, master=None
[LIVE] udp=0.0/s, objs=0.0/s, last_udp=1.88s, meas=1, tracks=7, valid=0, master=None
[LIVE] udp=0.0/s, objs=0.0/s, last_udp=2.89s, meas=1, tracks=7, valid=0, master=None
[LIVE] udp=0.0/s, objs=0.0/s, last_udp=3.89s, meas=1, tracks=7, valid=0, master=None
