[Log] stdout/stderr -> logs\20260601_144101\main_tracking_v9_20260601_144101.log
[FieldLog] enabled: C:\Users\cv1124\dym\gimbal\logs\20260601_144101
[Config] DEVICE_HEADING_DEG=180.00 (map north=0, east=90, south=180)
[GPS] Thread started, periodic UI updates enabled on COM8@115200, fix_timeout=5s, ui_interval=10.0s
[Init] Connecting to Gimbal at COM9...
[GT06Z] Driver Ready on COM9.
[Adapter] GT06Z 云台已连接: COM9
[GPS] GGA fix_quality=1, num_sats=16, hdop=1.5, lat=30.408115689166667, lon=104.08861425233333
[LaserThread] 激光读取线程已启动
[Init] Real laser enabled on COM10
[Init] Queue gimbal initial posture: Az=59.30°, El=0.00°
[Laser] start_measurement mode=continuous
[GimbalThread] 控制线程已启动
[Net] Listening RK3588 on 8888...
=== System V9.0 (Predictive Tracking & Scheduling) Running ===
[LIVE] udp=0.0/s, objs=0.0/s, last_udp=, meas=0, tracks=0, valid=0, master=None
[LIVE] udp=0.0/s, objs=0.0/s, last_udp=, meas=0, tracks=0, valid=0, master=None
[LIVE] udp=0.0/s, objs=0.0/s, last_udp=, meas=0, tracks=0, valid=0, master=None
[LIVE] udp=0.0/s, objs=0.0/s, last_udp=, meas=0, tracks=0, valid=0, master=None
[LIVE] udp=0.0/s, objs=0.0/s, last_udp=, meas=0, tracks=0, valid=0, master=None
[LIVE] udp=0.0/s, objs=0.0/s, last_udp=, meas=0, tracks=0, valid=0, master=None
[LIVE] udp=0.0/s, objs=0.0/s, last_udp=, meas=0, tracks=0, valid=0, master=None
[LIVE] udp=0.0/s, objs=0.0/s, last_udp=, meas=0, tracks=0, valid=0, master=None
[LIVE] udp=0.0/s, objs=0.0/s, last_udp=, meas=0, tracks=0, valid=0, master=None
[GPS] GGA fix_quality=1, num_sats=18, hdop=1.3, lat=30.408121947333335, lon=104.08863246883334
[LIVE] udp=0.0/s, objs=0.0/s, last_udp=, meas=0, tracks=0, valid=0, master=None
[LIVE] udp=0.0/s, objs=0.0/s, last_udp=, meas=0, tracks=0, valid=0, master=None
[LIVE] udp=0.0/s, objs=0.0/s, last_udp=, meas=0, tracks=0, valid=0, master=None
[LIVE] udp=0.0/s, objs=0.0/s, last_udp=, meas=0, tracks=0, valid=0, master=None
[LIVE] udp=0.0/s, objs=0.0/s, last_udp=, meas=0, tracks=0, valid=0, master=None
[LIVE] udp=0.0/s, objs=0.0/s, last_udp=, meas=0, tracks=0, valid=0, master=None
[LIVE] udp=0.0/s, objs=0.0/s, last_udp=, meas=0, tracks=0, valid=0, master=None
[LIVE] udp=0.0/s, objs=0.0/s, last_udp=, meas=0, tracks=0, valid=0, master=None
[LIVE] udp=0.0/s, objs=0.0/s, last_udp=, meas=0, tracks=0, valid=0, master=None
[LIVE] udp=0.0/s, objs=0.0/s, last_udp=, meas=0, tracks=0, valid=0, master=None
[GPS] GGA fix_quality=1, num_sats=18, hdop=1.4, lat=30.408123370833334, lon=104.088633486
[Sender][GPS] Error: [WinError 10065] 套接字操作尝试一个无法连接的主机。
[LIVE] udp=0.0/s, objs=0.0/s, last_udp=, meas=0, tracks=0, valid=0, master=None
[LIVE] udp=0.0/s, objs=0.0/s, last_udp=, meas=0, tracks=0, valid=0, master=None
[LIVE] udp=0.0/s, objs=0.0/s, last_udp=, meas=0, tracks=0, valid=0, master=None
[LIVE] udp=0.0/s, objs=0.0/s, last_udp=, meas=0, tracks=0, valid=0, master=None
[LIVE] udp=0.0/s, objs=0.0/s, last_udp=, meas=0, tracks=0, valid=0, master=None
[LIVE] udp=0.0/s, objs=0.0/s, last_udp=, meas=0, tracks=0, valid=0, master=None
[LIVE] udp=0.0/s, objs=0.0/s, last_udp=, meas=0, tracks=0, valid=0, master=None
[LIVE] udp=0.0/s, objs=0.0/s, last_udp=, meas=0, tracks=0, valid=0, master=None
[LIVE] udp=0.0/s, objs=0.0/s, last_udp=, meas=0, tracks=0, valid=0, master=None
[LIVE] udp=0.0/s, objs=0.0/s, last_udp=, meas=0, tracks=0, valid=0, master=None
[GPS] GGA fix_quality=1, num_sats=17, hdop=1.4, lat=30.408116252, lon=104.0886335105
[LIVE] udp=0.0/s, objs=0.0/s, last_udp=, meas=0, tracks=0, valid=0, master=None
[LIVE] udp=0.0/s, objs=0.0/s, last_udp=, meas=0, tracks=0, valid=0, master=None
[LIVE] udp=0.0/s, objs=0.0/s, last_udp=, meas=0, tracks=0, valid=0, master=None
[LIVE] udp=0.0/s, objs=0.0/s, last_udp=, meas=0, tracks=0, valid=0, master=None
[LIVE] udp=0.0/s, objs=0.0/s, last_udp=, meas=0, tracks=0, valid=0, master=None
[LIVE] udp=0.0/s, objs=0.0/s, last_udp=, meas=0, tracks=0, valid=0, master=None
[LIVE] udp=0.0/s, objs=0.0/s, last_udp=, meas=0, tracks=0, valid=0, master=None
[LIVE] udp=0.0/s, objs=0.0/s, last_udp=, meas=0, tracks=0, valid=0, master=None
[LIVE] udp=0.0/s, objs=0.0/s, last_udp=, meas=0, tracks=0, valid=0, master=None
[LIVE] udp=0.0/s, objs=0.0/s, last_udp=, meas=0, tracks=0, valid=0, master=None
[GPS] GGA fix_quality=1, num_sats=19, hdop=1.1, lat=30.408102209833334, lon=104.08863844916667
[LIVE] udp=0.0/s, objs=0.0/s, last_udp=, meas=0, tracks=0, valid=0, master=None
[LIVE] udp=0.0/s, objs=0.0/s, last_udp=, meas=0, tracks=0, valid=0, master=None
[LIVE] udp=0.0/s, objs=0.0/s, last_udp=, meas=0, tracks=0, valid=0, master=None
[Laser] stop_measurement
[GimbalThread][Unexpected] type=SerialException, err=WriteFile failed (OSError(9, '句柄无效。', None, 6))
[GT06Z] Connection Closed.
[Adapter] GT06Z 云台已关闭
[Stats][Final] recv_objs_total=0, recv_unique_boxes=0 | ui_send_total=0, ui_unique_ids=0, ui_id_counts=none
